<testsuites id="" name="" tests="35" failures="1" skipped="30" errors="2" time="121.347895">
<testsuite name="BlockResponse.spec.js" timestamp="2026-08-28T07:28:18.169Z" hostname="chrome" tests="1" failures="0" skipped="0" time="30.35" errors="1">
<testcase name="Browser Context Playwright test" classname="BlockResponse.spec.js" time="30.35">
<system-out>
<![CDATA[https://rahulshettyacademy.com/loginpagePractise/
https://rahulshettyacademy.com/loginpagePractise/ [33m200[39m
https://maxcdn.bootstrapcdn.com/bootstrap/4.1.1/css/bootstrap.min.css
https://cdnjs.cloudflare.com/ajax/libs/jquery/3.2.1/jquery.min.js
https://maxcdn.bootstrapcdn.com/bootstrap/4.1.1/js/bootstrap.min.js
https://maxcdn.bootstrapcdn.com/bootstrap/4.1.1/js/bootstrap.min.js [33m200[39m
https://www.googletagmanager.com/gtm.js?id=GTM-PVBTJWPP
https://cdnjs.cloudflare.com/ajax/libs/jquery/3.2.1/jquery.min.js [33m200[39m
https://www.googletagmanager.com/gtm.js?id=GTM-PVBTJWPP [33m200[39m
https://www.googletagmanager.com/gtag/js?id=AW-16651005713&cx=c&gtm=4e68r0h2
https://www.googletagmanager.com/gtag/js?id=G-NVJT9K1HZ2&cx=c&gtm=4e68r0h2
https://connect.facebook.net/en_US/fbevents.js
https://snap.licdn.com/li.lms-analytics/insight.min.js
https://www.google.com/ccm/collect?rcb=1&frm=0&apvc=1&ae=g&auid=780250157.1787902104&dt=LoginPage%20Practise%20%7C%20Rahul%20Shetty%20Academy&en=page_view&dl=https%3A%2F%2Frahulshettyacademy.com%2FloginpagePractise%2F&scrsrc=www.googletagmanager.com&rnd=1682210879.1787902104&navt=n&npa=0&ep.ads_data_redaction=0&gtm=45He68r0h2v9237596770za200zd9237596770xea&gcd=13l3l3l3l1l1&dma=0&tag_exp=115938466~115938468~117776795~118131809~118897920~118897930~120385422&tft=1787902103728&tfd=2237&fmt=8
https://ad.doubleclick.net/ccm/s/collect?auid=780250157.1787902104&gtm=45He68r0h2v9237596770za200zd9237596770xea&fmt=8
https://www.googletagmanager.com/gtag/js?id=AW-16651005713&cx=c&gtm=4e68r0h2 [33m200[39m
https://googleads.g.doubleclick.net/pagead/viewthroughconversion/16651005713/?random=1787902105333&cv=11&fst=1787902105333&bg=ffffff&guid=ON&async=1&en=gtag.config&gtm=45be68r0h2v9237732300z89237596770za20gzb9237596770zd9237596770xec&gcd=13l3l3l3l1l1&dma=0&tag_exp=115938466~115938469~117776795~118012008~118131809~118897920~118897930~119367802~119367810~120213116~120385422&u_w=1280&u_h=720&url=https%3A%2F%2Frahulshettyacademy.com%2FloginpagePractise%2F&rcb=13&frm=0&tiba=LoginPage%20Practise%20%7C%20Rahul%20Shetty%20Academy&hn=www.googleadservices.com&npa=0&pscdl=noapi&auid=780250157.1787902104&uaa=x86&uab=64&uafvl=Not%253DA%253FBrand%3B99.0.0.0%7CGoogle%2520Chrome%3B151.0.7922.175%7CChromium%3B151.0.7922.175&uamb=0&uam=&uap=Windows&uapv=19.0.0&uaw=0&data=event%3Dgtag.config&ept=9&rfmt=3&fmt=4
https://www.google.com/rmkt/collect/16651005713/?random=1787902105333&cv=11&fst=1787902105333&fmt=8&bg=ffffff&guid=ON&async=1&en=gtag.config&gtm=45be68r0h2v9237732300z89237596770za20gzb9237596770zd9237596770xec&gcd=13l3l3l3l1l1&dma=0&tag_exp=115938466~115938469~117776795~118012008~118131809~118897920~118897930~119367802~119367810~120213116~120385422&u_w=1280&u_h=720&url=https%3A%2F%2Frahulshettyacademy.com%2FloginpagePractise%2F&rcb=13&frm=0&tiba=LoginPage%20Practise%20%7C%20Rahul%20Shetty%20Academy&hn=www.googleadservices.com&npa=0&pscdl=noapi&auid=780250157.1787902104&uaa=x86&uab=64&uafvl=Not%253DA%253FBrand%3B99.0.0.0%7CGoogle%2520Chrome%3B151.0.7922.175%7CChromium%3B151.0.7922.175&uamb=0&uam=&uap=Windows&uapv=19.0.0&uaw=0&data=event%3Dgtag.config&ept=68&gcp=5
https://www.googletagmanager.com/gtag/js?id=G-NVJT9K1HZ2&cx=c&gtm=4e68r0h2 [33m200[39m
https://snap.licdn.com/li.lms-analytics/insight.min.js [33m200[39m
https://www.google.com/ccm/collect?rcb=1&frm=0&apvc=1&ae=g&auid=780250157.1787902104&dt=LoginPage%20Practise%20%7C%20Rahul%20Shetty%20Academy&en=page_view&dl=https%3A%2F%2Frahulshettyacademy.com%2FloginpagePractise%2F&scrsrc=www.googletagmanager.com&rnd=1682210879.1787902104&navt=n&npa=0&ep.ads_data_redaction=0&gtm=45He68r0h2v9237596770za200zd9237596770xea&gcd=13l3l3l3l1l1&dma=0&tag_exp=115938466~115938468~117776795~118131809~118897920~118897930~120385422&tft=1787902103728&tfd=2237&fmt=8 [33m200[39m
https://ad.doubleclick.net/ccm/s/collect?auid=780250157.1787902104&gtm=45He68r0h2v9237596770za200zd9237596770xea&fmt=8 [33m204[39m
https://connect.facebook.net/en_US/fbevents.js [33m200[39m
https://www.googleadservices.com/pagead/conversion/16651005713/?random=1787902105467&cv=11&fst=1787902105467&fmt=7&bg=ffffff&guid=ON&async=1&en=conversion&gtm=45be68r0h2v9237732300z89237596770za20gzb9237596770zd9237596770xea&gcd=13l3l3l3l1l1&dma=0&tag_exp=115938466~115938469~117776795~118012008~118131809~118897920~118897930~119367802~119367810~120213116~120385422&u_w=1280&u_h=720&url=https%3A%2F%2Frahulshettyacademy.com%2FloginpagePractise%2F&rcb=13&label=63MoCMqSmNEbEJHe6IM-&capi=1&frm=0&tiba=LoginPage%20Practise%20%7C%20Rahul%20Shetty%20Academy&bttype=purchase&value=0&hn=www.googleadservices.com&npa=0&pscdl=noapi&auid=780250157.1787902104&uaa=x86&uab=64&uafvl=Not%253DA%253FBrand%3B99.0.0.0%7CGoogle%2520Chrome%3B151.0.7922.175%7CChromium%3B151.0.7922.175&uamb=0&uam=&uap=Windows&uapv=19.0.0&uaw=0&ec_mode=a&oid=346766601.1787902106&oidsrc=3&ecsid2=1469978685.1787902106&_tu=CBA&gcl_ctr=1~0~0~0&category=acrcp_v1_512&em=tv.1&emd=tvd.1&ept=5
https://www.googleadservices.com/ccm/conversion/16651005713/?random=1787902105467&cv=11&fst=1787902105467&fmt=3&bg=ffffff&guid=ON&async=1&en=conversion&gtm=45be68r0h2v9237732300z89237596770za20gzb9237596770zd9237596770xea&gcd=13l3l3l3l1l1&dma=0&tag_exp=115938466~115938469~117776795~118012008~118131809~118897920~118897930~119367802~119367810~120213116~120385422&u_w=1280&u_h=720&url=https%3A%2F%2Frahulshettyacademy.com%2FloginpagePractise%2F&rcb=13&label=63MoCMqSmNEbEJHe6IM-&capi=1&frm=0&tiba=LoginPage%20Practise%20%7C%20Rahul%20Shetty%20Academy&bttype=purchase&value=0&hn=www.googleadservices.com&npa=0&pscdl=noapi&auid=780250157.1787902104&uaa=x86&uab=64&uafvl=Not%253DA%253FBrand%3B99.0.0.0%7CGoogle%2520Chrome%3B151.0.7922.175%7CChromium%3B151.0.7922.175&uamb=0&uam=&uap=Windows&uapv=19.0.0&uaw=0&ec_mode=a&oid=346766601.1787902106&oidsrc=3&ecsid2=1469978685.1787902106&_tu=CBA&gcl_ctr=1~0~0~0&em=tv.1&emd=tvd.1
https://www.google.com/ccm/collect?rcb=13&frm=0&apvc=0&auid=780250157.1787902104&dt=LoginPage%20Practise%20%7C%20Rahul%20Shetty%20Academy&tid=AW-16651005713&en=page_view&dl=https%3A%2F%2Frahulshettyacademy.com%2FloginpagePractise%2F&scrsrc=www.googletagmanager.com&rnd=1682210879.1787902104&navt=n&npa=0&gtm=45be68r0h2v9237732300z89237596770za20gzb9237596770zd9237596770xec&gcd=13l3l3l3l1l1&dma=0&tag_exp=115938466~115938469~117776795~118012008~118131809~118897920~118897930~119367802~119367810~120213116~120385422&tft=1787902105585&tfd=4094&tids=AW-16651005713&fmt=8
https://analytics.google.com/g/collect?v=2&tid=G-NVJT9K1HZ2&gtm=45je68r0h2v9237735153z89237596770za20gzb9237596770zd9237596770&_p=1787902103058&_gaz=1&gcd=13l3l3l3l1l1&npa=0&dma=0&ecid=485466512&_eu=AAAAAGAC&are=1&cid=2075914679.1787902106&ec_mode=a&frm=0&pscdl=noapi&rcb=10&sr=1280x720&uaa=x86&uab=64&uafvl=Not%253DA%253FBrand%3B99.0.0.0%7CGoogle%2520Chrome%3B151.0.7922.175%7CChromium%3B151.0.7922.175&uam=&uamb=0&uap=Windows&uapv=19.0.0&uaw=0&ul=en-us&gaf=2&_s=1&tag_exp=115616985~115938466~115938469~118897920~118897930~119367802~119367810~120385423&dp=%2FloginpagePractise%2F&sid=1787902105&sct=1&seg=0&dl=https%3A%2F%2Frahulshettyacademy.com%2FloginpagePractise%2F&dt=LoginPage%20Practise%20%7C%20Rahul%20Shetty%20Academy&en=page_view&_fv=1&_nsi=1&_ss=1&ep.page_url=https%3A%2F%2Frahulshettyacademy.com%2FloginpagePractise%2F&tfd=4494
https://www.google.co.in/ads/ga-audiences?v=1&t=sr&slf_rd=1&_r=4&tid=G-NVJT9K1HZ2&cid=2075914679.1787902106&gtm=45je68r0h2v9237735153z89237596770za20gzb9237596770zd9237596770&rcb=10&aip=1&dma=0&gcd=13l3l3l3l1l1&npa=0&frm=0&tag_exp=115616985~115938466~115938469~118897920~118897930~119367802~119367810~120385423&z=2106103291
https://www.googleadservices.com/ccm/conversion/16651005713/?random=1787902105467&cv=11&fst=1787902105467&fmt=3&bg=ffffff&guid=ON&async=1&en=conversion&gtm=45be68r0h2v9237732300z89237596770za20gzb9237596770zd9237596770xea&gcd=13l3l3l3l1l1&dma=0&tag_exp=115938466~115938469~117776795~118012008~118131809~118897920~118897930~119367802~119367810~120213116~120385422&u_w=1280&u_h=720&url=https%3A%2F%2Frahulshettyacademy.com%2FloginpagePractise%2F&rcb=13&label=63MoCMqSmNEbEJHe6IM-&capi=1&frm=0&tiba=LoginPage%20Practise%20%7C%20Rahul%20Shetty%20Academy&bttype=purchase&value=0&hn=www.googleadservices.com&npa=0&pscdl=noapi&auid=780250157.1787902104&uaa=x86&uab=64&uafvl=Not%253DA%253FBrand%3B99.0.0.0%7CGoogle%2520Chrome%3B151.0.7922.175%7CChromium%3B151.0.7922.175&uamb=0&uam=&uap=Windows&uapv=19.0.0&uaw=0&ec_mode=a&oid=346766601.1787902106&oidsrc=3&ecsid2=1469978685.1787902106&_tu=CBA&gcl_ctr=1~0~0~0&em=tv.1&emd=tvd.1 [33m200[39m
https://stats.g.doubleclick.net/g/collect?v=2&tid=G-NVJT9K1HZ2&cid=2075914679.1787902106&gtm=45je68r0h2v9237735153z89237596770za20gzb9237596770zd9237596770&rcb=10&aip=1&dma=0&gcd=13l3l3l3l1l1&npa=0&frm=0&tag_exp=115616985~115938466~115938469~118897920~118897930~119367802~119367810~120385423
https://www.google.com/rmkt/collect/16651005713/?random=1787902105333&cv=11&fst=1787902105333&fmt=8&bg=ffffff&guid=ON&async=1&en=gtag.config&gtm=45be68r0h2v9237732300z89237596770za20gzb9237596770zd9237596770xec&gcd=13l3l3l3l1l1&dma=0&tag_exp=115938466~115938469~117776795~118012008~118131809~118897920~118897930~119367802~119367810~120213116~120385422&u_w=1280&u_h=720&url=https%3A%2F%2Frahulshettyacademy.com%2FloginpagePractise%2F&rcb=13&frm=0&tiba=LoginPage%20Practise%20%7C%20Rahul%20Shetty%20Academy&hn=www.googleadservices.com&npa=0&pscdl=noapi&auid=780250157.1787902104&uaa=x86&uab=64&uafvl=Not%253DA%253FBrand%3B99.0.0.0%7CGoogle%2520Chrome%3B151.0.7922.175%7CChromium%3B151.0.7922.175&uamb=0&uam=&uap=Windows&uapv=19.0.0&uaw=0&data=event%3Dgtag.config&ept=68&gcp=5 [33m200[39m
https://googleads.g.doubleclick.net/pagead/viewthroughconversion/16651005713/?random=1787902105333&cv=11&fst=1787902105333&bg=ffffff&guid=ON&async=1&en=gtag.config&gtm=45be68r0h2v9237732300z89237596770za20gzb9237596770zd9237596770xec&gcd=13l3l3l3l1l1&dma=0&tag_exp=115938466~115938469~117776795~118012008~118131809~118897920~118897930~119367802~119367810~120213116~120385422&u_w=1280&u_h=720&url=https%3A%2F%2Frahulshettyacademy.com%2FloginpagePractise%2F&rcb=13&frm=0&tiba=LoginPage%20Practise%20%7C%20Rahul%20Shetty%20Academy&hn=www.googleadservices.com&npa=0&pscdl=noapi&auid=780250157.1787902104&uaa=x86&uab=64&uafvl=Not%253DA%253FBrand%3B99.0.0.0%7CGoogle%2520Chrome%3B151.0.7922.175%7CChromium%3B151.0.7922.175&uamb=0&uam=&uap=Windows&uapv=19.0.0&uaw=0&data=event%3Dgtag.config&ept=9&rfmt=3&fmt=4 [33m200[39m
https://www.google.com/ccm/collect?rcb=13&frm=0&apvc=0&auid=780250157.1787902104&dt=LoginPage%20Practise%20%7C%20Rahul%20Shetty%20Academy&tid=AW-16651005713&en=page_view&dl=https%3A%2F%2Frahulshettyacademy.com%2FloginpagePractise%2F&scrsrc=www.googletagmanager.com&rnd=1682210879.1787902104&navt=n&npa=0&gtm=45be68r0h2v9237732300z89237596770za20gzb9237596770zd9237596770xec&gcd=13l3l3l3l1l1&dma=0&tag_exp=115938466~115938469~117776795~118012008~118131809~118897920~118897930~119367802~119367810~120213116~120385422&tft=1787902105585&tfd=4094&tids=AW-16651005713&fmt=8 [33m200[39m
https://www.googleadservices.com/pagead/conversion/16651005713/?random=1787902105467&cv=11&fst=1787902105467&fmt=7&bg=ffffff&guid=ON&async=1&en=conversion&gtm=45be68r0h2v9237732300z89237596770za20gzb9237596770zd9237596770xea&gcd=13l3l3l3l1l1&dma=0&tag_exp=115938466~115938469~117776795~118012008~118131809~118897920~118897930~119367802~119367810~120213116~120385422&u_w=1280&u_h=720&url=https%3A%2F%2Frahulshettyacademy.com%2FloginpagePractise%2F&rcb=13&label=63MoCMqSmNEbEJHe6IM-&capi=1&frm=0&tiba=LoginPage%20Practise%20%7C%20Rahul%20Shetty%20Academy&bttype=purchase&value=0&hn=www.googleadservices.com&npa=0&pscdl=noapi&auid=780250157.1787902104&uaa=x86&uab=64&uafvl=Not%253DA%253FBrand%3B99.0.0.0%7CGoogle%2520Chrome%3B151.0.7922.175%7CChromium%3B151.0.7922.175&uamb=0&uam=&uap=Windows&uapv=19.0.0&uaw=0&ec_mode=a&oid=346766601.1787902106&oidsrc=3&ecsid2=1469978685.1787902106&_tu=CBA&gcl_ctr=1~0~0~0&category=acrcp_v1_512&em=tv.1&emd=tvd.1&ept=5 [33m200[39m
https://www.google.com/pagead/1p-user-list/16651005713/?random=1787902105333&cv=11&fst=1787900400000&bg=ffffff&guid=ON&async=1&en=gtag.config&gtm=45be68r0h2v9237732300z89237596770za20gzb9237596770zd9237596770xec&gcd=13l3l3l3l1l1&dma=0&tag_exp=115938466~115938469~117776795~118012008~118131809~118897920~118897930~119367802~119367810~120213116~120385422&u_w=1280&u_h=720&url=https%3A%2F%2Frahulshettyacademy.com%2FloginpagePractise%2F&rcb=13&frm=0&tiba=LoginPage%20Practise%20%7C%20Rahul%20Shetty%20Academy&hn=www.googleadservices.com&npa=0&pscdl=noapi&auid=780250157.1787902104&uaa=x86&uab=64&uafvl=Not%253DA%253FBrand%3B99.0.0.0%7CGoogle%2520Chrome%3B151.0.7922.175%7CChromium%3B151.0.7922.175&uamb=0&uam=&uap=Windows&uapv=19.0.0&uaw=0&data=event%3Dgtag.config&ept=9&rfmt=3&fmt=3&is_vtc=1&cid=CAQS6gEAQM4h3Fth1cJTWSvK4bHxE0MelxJUglNXwcQvK7oF4eSt3bNhqpfAm4h-cFvBH-Sp95nTWVwR_K1FnYWc4BaXLM96aNSa5qZGCTfaC2r_2iDeqTd35zTj4VxXld5BHhlhqH62c5AjKpMPcTbsZpws49gdXVpr1QNa5rOUh_N6O5owwwwzazE40m-qiXSV617ZqnNh18xtoptfqjfHeATyJGGPm5GbDeTbh0CbX2Cq5qG0UMP5-ZxNNpsULunwBxrvOzgZNsAabhgLy1Iuw10XYlDtUa35JgdzR9TJlbMBBnwbOLQv4TAAd7o&random=2469212202&rmt_tld=0&ipr=y
https://www.google.co.in/pagead/1p-user-list/16651005713/?random=1787902105333&cv=11&fst=1787900400000&bg=ffffff&guid=ON&async=1&en=gtag.config&gtm=45be68r0h2v9237732300z89237596770za20gzb9237596770zd9237596770xec&gcd=13l3l3l3l1l1&dma=0&tag_exp=115938466~115938469~117776795~118012008~118131809~118897920~118897930~119367802~119367810~120213116~120385422&u_w=1280&u_h=720&url=https%3A%2F%2Frahulshettyacademy.com%2FloginpagePractise%2F&rcb=13&frm=0&tiba=LoginPage%20Practise%20%7C%20Rahul%20Shetty%20Academy&hn=www.googleadservices.com&npa=0&pscdl=noapi&auid=780250157.1787902104&uaa=x86&uab=64&uafvl=Not%253DA%253FBrand%3B99.0.0.0%7CGoogle%2520Chrome%3B151.0.7922.175%7CChromium%3B151.0.7922.175&uamb=0&uam=&uap=Windows&uapv=19.0.0&uaw=0&data=event%3Dgtag.config&ept=9&rfmt=3&fmt=3&is_vtc=1&cid=CAQS6gEAQM4h3Fth1cJTWSvK4bHxE0MelxJUglNXwcQvK7oF4eSt3bNhqpfAm4h-cFvBH-Sp95nTWVwR_K1FnYWc4BaXLM96aNSa5qZGCTfaC2r_2iDeqTd35zTj4VxXld5BHhlhqH62c5AjKpMPcTbsZpws49gdXVpr1QNa5rOUh_N6O5owwwwzazE40m-qiXSV617ZqnNh18xtoptfqjfHeATyJGGPm5GbDeTbh0CbX2Cq5qG0UMP5-ZxNNpsULunwBxrvOzgZNsAabhgLy1Iuw10XYlDtUa35JgdzR9TJlbMBBnwbOLQv4TAAd7o&random=2469212202&rmt_tld=1&ipr=y
https://googleads.g.doubleclick.net/pagead/viewthroughconversion/16651005713/?random=1084527069&cv=11&fst=1787902105467&fmt=8&bg=ffffff&guid=ON&async=1&en=conversion&gtm=45be68r0h2v9237732300z89237596770za20gzb9237596770zd9237596770xea&gcd=13l3l3l3l1l1&dma=0&tag_exp=115938466~115938469~117776795~118012008~118131809~118897920~118897930~119367802~119367810~120213116~120385422&u_w=1280&u_h=720&url=https%3A%2F%2Frahulshettyacademy.com%2FloginpagePractise%2F&rcb=13&label=63MoCMqSmNEbEJHe6IM-&capi=1&frm=0&tiba=LoginPage%20Practise%20%7C%20Rahul%20Shetty%20Academy&value=0&hn=www.googleadservices.com&npa=0&pscdl=noapi&auid=780250157.1787902104&uaa=x86&uab=64&uafvl=Not%253DA%253FBrand%3B99.0.0.0%7CGoogle%2520Chrome%3B151.0.7922.175%7CChromium%3B151.0.7922.175&uamb=0&uam=&uap=Windows&uapv=19.0.0&uaw=0&ec_mode=a&oidsrc=3&ecsid2=1469978685.1787902106&_tu=CBA&gcl_ctr=1~0~0~0&category=acrcp_v1_512&em=tv.1&emd=tvd.1&ept=5&ct_cookie_present=false&eoid=CkMKEAjw48TUBhD706Xd3e2qjU0SLwCtGeNnfKpMwiLmnkRnRb8AvYNwyOYDE6aQqo4RfHyPrbEqSDaRxfVx4uzGQ5Sl8P8HAQ&crd=CLTesQII8t-xAgit4bECCK_hsQIIobixAgixwbECCLDBsQIIscOxAgiKxbECCMLJsQII1-ixAgi0xrECCJPasQII29yxAgiH27ECCNPFsQII68yxAgjtzrECCNXPsQII9NqxAgji6rECCJLrsQIIyeOxAgiX1LECCMnbsQIIzeaxAgix4bECCLPhsQIIpt2xAgiA27ECCM3hsQJKK3RyaWdnZXI7ZXZlbnQtc291cmNlLCBub3QtbmF2aWdhdGlvbi1zb3VyY2VaAwoBAWIDCgED&cerd=ChTZib4t_6--LYO-vi3wzr4tptW-LQ&eitems=ChEI8OPE1AYQ8Yfqhvzw4MzpARIdAAx0ZuadizPs5Hdi24amktG0nbVVJxDw5I1pcSk&fsk=ChAI8OPE1AYQ46n744vfg5RDEiwAMy3fGi6z9iGfEFBVlpabdJPIK4o1XyWb8bARmeANgqO_-NbfY1TP_-BqxxoCIps&pscrd=IhMI47TQpebClgMV7tuEAB0WWx6lOh9odHRwczovL3JhaHVsc2hldHR5YWNhZGVteS5jb20vQldDaEFJOE9QRTFBWVFydDZjeXJiSXdjWl9FaTBBZlo2NFVheTFCaTJJdGo5Q25DZ2x5UnVreGNHcUJPbTMzTjdHZUNZbGhhUVZyMFFBdjFBd2VIWlhwNnd6DAgJYggIABAAGAAgAA
https://snap.licdn.com/li.lms-analytics/insight.old.min.js
https://connect.facebook.net/signals/config/1322674182967749?v=2.9.385&r=stable&domain=rahulshettyacademy.com&hme=1a72ec78e057d90ba48afa55a82b063b1c9b6ab7c0155009fecc72226a622ed2&ex_m=113%2C218%2C164%2C25%2C78%2C79%2C156%2C74%2C73%2C11%2C174%2C98%2C19%2C148%2C136%2C43%2C81%2C86%2C144%2C169%2C176%2C29%2C17%2C30%2C31%2C32%2C34%2C52%2C157%2C83%2C121%2C21%2C23%2C48%2C44%2C46%2C45%2C91%2C100%2C104%2C119%2C155%2C158%2C50%2C120%2C27%2C24%2C128%2C75%2C40%2C160%2C159%2C161%2C152%2C150%2C28%2C39%2C63%2C118%2C171%2C76%2C20%2C123%2C89%2C72%2C22%2C93%2C94%2C125%2C92%2C146%2C145%2C149%2C105%2C170%2C173%2C38%2C53%2C122%2C51%2C8%2C4%2C5%2C7%2C6%2C3%2C99%2C110%2C177%2C185%2C232%2C80%2C245%2C244%2C243%2C14%2C26%2C37%2C59%2C112%2C65%2C10%2C69%2C106%2C107%2C108%2C114%2C139%2C35%2C33%2C141%2C142%2C143%2C138%2C137%2C165%2C82%2C168%2C166%2C167%2C54%2C64%2C132%2C18%2C172%2C49%2C293%2C294%2C292%2C307%2C329%2C225%2C214%2C66%2C215%2C213%2C332%2C323%2C56%2C226%2C116%2C140%2C88%2C130%2C58%2C129%2C135%2C134%2C62%2C70%2C68%2C162%2C84%2C85%2C124%2C41%2C36%2C57%2C60%2C109%2C175%2C1%2C133%2C16%2C131%2C12%2C2%2C61%2C101%2C15%2C71%2C67%2C127%2C97%2C96%2C178%2C179%2C102%2C103%2C9%2C111%2C55%2C153%2C95%2C87%2C77%2C126%2C115%2C47%2C154%2C0%2C90%2C147%2C151%2C163%2C42%2C117%2C13%2C180
https://www.google.co.in/ads/ga-audiences?v=1&t=sr&slf_rd=1&_r=4&tid=G-NVJT9K1HZ2&cid=2075914679.1787902106&gtm=45je68r0h2v9237735153z89237596770za20gzb9237596770zd9237596770&rcb=10&aip=1&dma=0&gcd=13l3l3l3l1l1&npa=0&frm=0&tag_exp=115616985~115938466~115938469~118897920~118897930~119367802~119367810~120385423&z=2106103291 [33m200[39m
https://analytics.google.com/g/collect?v=2&tid=G-NVJT9K1HZ2&gtm=45je68r0h2v9237735153z89237596770za20gzb9237596770zd9237596770&_p=1787902103058&_gaz=1&gcd=13l3l3l3l1l1&npa=0&dma=0&ecid=485466512&_eu=AAAAAGAC&are=1&cid=2075914679.1787902106&ec_mode=a&frm=0&pscdl=noapi&rcb=10&sr=1280x720&uaa=x86&uab=64&uafvl=Not%253DA%253FBrand%3B99.0.0.0%7CGoogle%2520Chrome%3B151.0.7922.175%7CChromium%3B151.0.7922.175&uam=&uamb=0&uap=Windows&uapv=19.0.0&uaw=0&ul=en-us&gaf=2&_s=1&tag_exp=115616985~115938466~115938469~118897920~118897930~119367802~119367810~120385423&dp=%2FloginpagePractise%2F&sid=1787902105&sct=1&seg=0&dl=https%3A%2F%2Frahulshettyacademy.com%2FloginpagePractise%2F&dt=LoginPage%20Practise%20%7C%20Rahul%20Shetty%20Academy&en=page_view&_fv=1&_nsi=1&_ss=1&ep.page_url=https%3A%2F%2Frahulshettyacademy.com%2FloginpagePractise%2F&tfd=4494 [33m204[39m
https://www.google.com/pagead/1p-user-list/16651005713/?random=1787902105333&cv=11&fst=1787900400000&bg=ffffff&guid=ON&async=1&en=gtag.config&gtm=45be68r0h2v9237732300z89237596770za20gzb9237596770zd9237596770xec&gcd=13l3l3l3l1l1&dma=0&tag_exp=115938466~115938469~117776795~118012008~118131809~118897920~118897930~119367802~119367810~120213116~120385422&u_w=1280&u_h=720&url=https%3A%2F%2Frahulshettyacademy.com%2FloginpagePractise%2F&rcb=13&frm=0&tiba=LoginPage%20Practise%20%7C%20Rahul%20Shetty%20Academy&hn=www.googleadservices.com&npa=0&pscdl=noapi&auid=780250157.1787902104&uaa=x86&uab=64&uafvl=Not%253DA%253FBrand%3B99.0.0.0%7CGoogle%2520Chrome%3B151.0.7922.175%7CChromium%3B151.0.7922.175&uamb=0&uam=&uap=Windows&uapv=19.0.0&uaw=0&data=event%3Dgtag.config&ept=9&rfmt=3&fmt=3&is_vtc=1&cid=CAQS6gEAQM4h3Fth1cJTWSvK4bHxE0MelxJUglNXwcQvK7oF4eSt3bNhqpfAm4h-cFvBH-Sp95nTWVwR_K1FnYWc4BaXLM96aNSa5qZGCTfaC2r_2iDeqTd35zTj4VxXld5BHhlhqH62c5AjKpMPcTbsZpws49gdXVpr1QNa5rOUh_N6O5owwwwzazE40m-qiXSV617ZqnNh18xtoptfqjfHeATyJGGPm5GbDeTbh0CbX2Cq5qG0UMP5-ZxNNpsULunwBxrvOzgZNsAabhgLy1Iuw10XYlDtUa35JgdzR9TJlbMBBnwbOLQv4TAAd7o&random=2469212202&rmt_tld=0&ipr=y [33m200[39m
https://www.google.co.in/pagead/1p-user-list/16651005713/?random=1787902105333&cv=11&fst=1787900400000&bg=ffffff&guid=ON&async=1&en=gtag.config&gtm=45be68r0h2v9237732300z89237596770za20gzb9237596770zd9237596770xec&gcd=13l3l3l3l1l1&dma=0&tag_exp=115938466~115938469~117776795~118012008~118131809~118897920~118897930~119367802~119367810~120213116~120385422&u_w=1280&u_h=720&url=https%3A%2F%2Frahulshettyacademy.com%2FloginpagePractise%2F&rcb=13&frm=0&tiba=LoginPage%20Practise%20%7C%20Rahul%20Shetty%20Academy&hn=www.googleadservices.com&npa=0&pscdl=noapi&auid=780250157.1787902104&uaa=x86&uab=64&uafvl=Not%253DA%253FBrand%3B99.0.0.0%7CGoogle%2520Chrome%3B151.0.7922.175%7CChromium%3B151.0.7922.175&uamb=0&uam=&uap=Windows&uapv=19.0.0&uaw=0&data=event%3Dgtag.config&ept=9&rfmt=3&fmt=3&is_vtc=1&cid=CAQS6gEAQM4h3Fth1cJTWSvK4bHxE0MelxJUglNXwcQvK7oF4eSt3bNhqpfAm4h-cFvBH-Sp95nTWVwR_K1FnYWc4BaXLM96aNSa5qZGCTfaC2r_2iDeqTd35zTj4VxXld5BHhlhqH62c5AjKpMPcTbsZpws49gdXVpr1QNa5rOUh_N6O5owwwwzazE40m-qiXSV617ZqnNh18xtoptfqjfHeATyJGGPm5GbDeTbh0CbX2Cq5qG0UMP5-ZxNNpsULunwBxrvOzgZNsAabhgLy1Iuw10XYlDtUa35JgdzR9TJlbMBBnwbOLQv4TAAd7o&random=2469212202&rmt_tld=1&ipr=y [33m200[39m
https://stats.g.doubleclick.net/g/collect?v=2&tid=G-NVJT9K1HZ2&cid=2075914679.1787902106&gtm=45je68r0h2v9237735153z89237596770za20gzb9237596770zd9237596770&rcb=10&aip=1&dma=0&gcd=13l3l3l3l1l1&npa=0&frm=0&tag_exp=115616985~115938466~115938469~118897920~118897930~119367802~119367810~120385423 [33m204[39m
https://snap.licdn.com/li.lms-analytics/insight.old.min.js [33m200[39m
https://px.ads.linkedin.com/attribution_trigger?pid=8312178&time=1787902107897&url=https%3A%2F%2Frahulshettyacademy.com%2FloginpagePractise%2F
https://px.ads.linkedin.com/collect?v=2&fmt=js&pid=8312178&time=1787902107897&li_adsId=b6048ea0-8ce2-49d0-ac8f-9f214beee4fa&url=https%3A%2F%2Frahulshettyacademy.com%2FloginpagePractise%2F
https://connect.facebook.net/signals/config/1322674182967749?v=2.9.385&r=stable&domain=rahulshettyacademy.com&hme=1a72ec78e057d90ba48afa55a82b063b1c9b6ab7c0155009fecc72226a622ed2&ex_m=113%2C218%2C164%2C25%2C78%2C79%2C156%2C74%2C73%2C11%2C174%2C98%2C19%2C148%2C136%2C43%2C81%2C86%2C144%2C169%2C176%2C29%2C17%2C30%2C31%2C32%2C34%2C52%2C157%2C83%2C121%2C21%2C23%2C48%2C44%2C46%2C45%2C91%2C100%2C104%2C119%2C155%2C158%2C50%2C120%2C27%2C24%2C128%2C75%2C40%2C160%2C159%2C161%2C152%2C150%2C28%2C39%2C63%2C118%2C171%2C76%2C20%2C123%2C89%2C72%2C22%2C93%2C94%2C125%2C92%2C146%2C145%2C149%2C105%2C170%2C173%2C38%2C53%2C122%2C51%2C8%2C4%2C5%2C7%2C6%2C3%2C99%2C110%2C177%2C185%2C232%2C80%2C245%2C244%2C243%2C14%2C26%2C37%2C59%2C112%2C65%2C10%2C69%2C106%2C107%2C108%2C114%2C139%2C35%2C33%2C141%2C142%2C143%2C138%2C137%2C165%2C82%2C168%2C166%2C167%2C54%2C64%2C132%2C18%2C172%2C49%2C293%2C294%2C292%2C307%2C329%2C225%2C214%2C66%2C215%2C213%2C332%2C323%2C56%2C226%2C116%2C140%2C88%2C130%2C58%2C129%2C135%2C134%2C62%2C70%2C68%2C162%2C84%2C85%2C124%2C41%2C36%2C57%2C60%2C109%2C175%2C1%2C133%2C16%2C131%2C12%2C2%2C61%2C101%2C15%2C71%2C67%2C127%2C97%2C96%2C178%2C179%2C102%2C103%2C9%2C111%2C55%2C153%2C95%2C87%2C77%2C126%2C115%2C47%2C154%2C0%2C90%2C147%2C151%2C163%2C42%2C117%2C13%2C180 [33m200[39m
https://www.facebook.com/tr/?id=1322674182967749&ev=PageView&dl=https%3A%2F%2Frahulshettyacademy.com%2FloginpagePractise%2F&rl=&if=false&ts=1787902108082&iw=false&sw=1280&sh=720&v=2.9.385&r=stable&a=tmSimo-GTM-WebTemplate&ec=0&o=4126&aems=0%3B0&fbp=fb.1.1787902108049.267410496518874177&ler=empty&cdl=API_unavailable&pmd[title]=LoginPage%20Practise%20%7C%20Rahul%20Shetty%20Academy&plt=1863.2000000029802&iss=1&imft=1&tz=330&it=1787902106449&coo=false&tm=1&expv2[0]=pl1&expv2[1]=el3&expv2[2]=bc1&expv2[3]=ra2&expv2[4]=rp2&expv2[5]=ct3&expv2[6]=hf0&expv2[7]=sd1&expv2[8]=sp1&expv2[9]=ek1&expv2[10]=pc1&expv2[11]=gs1&expv2[12]=zs1&expv2[13]=cp1&expv2[14]=es1&expv2[15]=ac1&expv2[16]=so1&expv2[17]=wc1&expv2[18]=la1&expv2[19]=sf1&expv2[20]=da1&expv2[21]=io1&expv2[22]=ae1&expv2[23]=sx1&expv2[24]=if1&expv2[25]=fd1&expv2[26]=bg1&expv2[27]=mg1&expv2[28]=kl1&expv2[29]=sg1&expv2[30]=mk1&expv2[31]=sn1&expv2[32]=ec1&expv2[33]=mp1&expv2[34]=ps1&expv2[35]=fx1&expv2[36]=vt1&rqm=GET
https://px.ads.linkedin.com/collect?v=2&fmt=js&pid=8312178&time=1787902107897&li_adsId=b6048ea0-8ce2-49d0-ac8f-9f214beee4fa&url=https%3A%2F%2Frahulshettyacademy.com%2FloginpagePractise%2F [33m302[39m
https://px.ads.linkedin.com/collect?v=2&fmt=js&pid=8312178&time=1787902107897&li_adsId=b6048ea0-8ce2-49d0-ac8f-9f214beee4fa&url=https%3A%2F%2Frahulshettyacademy.com%2FloginpagePractise%2F&cookiesTest=true
https://px.ads.linkedin.com/attribution_trigger?pid=8312178&time=1787902107897&url=https%3A%2F%2Frahulshettyacademy.com%2FloginpagePractise%2F [33m200[39m
https://www.facebook.com/tr/?id=1322674182967749&ev=PageView&dl=https%3A%2F%2Frahulshettyacademy.com%2FloginpagePractise%2F&rl=&if=false&ts=1787902108082&iw=false&sw=1280&sh=720&v=2.9.385&r=stable&a=tmSimo-GTM-WebTemplate&ec=0&o=4126&aems=0%3B0&fbp=fb.1.1787902108049.267410496518874177&ler=empty&cdl=API_unavailable&pmd[title]=LoginPage%20Practise%20%7C%20Rahul%20Shetty%20Academy&plt=1863.2000000029802&iss=1&imft=1&tz=330&it=1787902106449&coo=false&tm=1&expv2[0]=pl1&expv2[1]=el3&expv2[2]=bc1&expv2[3]=ra2&expv2[4]=rp2&expv2[5]=ct3&expv2[6]=hf0&expv2[7]=sd1&expv2[8]=sp1&expv2[9]=ek1&expv2[10]=pc1&expv2[11]=gs1&expv2[12]=zs1&expv2[13]=cp1&expv2[14]=es1&expv2[15]=ac1&expv2[16]=so1&expv2[17]=wc1&expv2[18]=la1&expv2[19]=sf1&expv2[20]=da1&expv2[21]=io1&expv2[22]=ae1&expv2[23]=sx1&expv2[24]=if1&expv2[25]=fd1&expv2[26]=bg1&expv2[27]=mg1&expv2[28]=kl1&expv2[29]=sg1&expv2[30]=mk1&expv2[31]=sn1&expv2[32]=ec1&expv2[33]=mp1&expv2[34]=ps1&expv2[35]=fx1&expv2[36]=vt1&rqm=GET [33m200[39m
https://px.ads.linkedin.com/collect?v=2&fmt=js&pid=8312178&time=1787902107897&li_adsId=b6048ea0-8ce2-49d0-ac8f-9f214beee4fa&url=https%3A%2F%2Frahulshettyacademy.com%2FloginpagePractise%2F&cookiesTest=true [33m302[39m
https://www.linkedin.com/px/li_sync?redirect=https%3A%2F%2Fpx.ads.linkedin.com%2Fcollect%3Fv%3D2%26fmt%3Djs%26pid%3D8312178%26time%3D1787902107897%26li_adsId%3Db6048ea0-8ce2-49d0-ac8f-9f214beee4fa%26url%3Dhttps%253A%252F%252Frahulshettyacademy.com%252FloginpagePractise%252F%26cookiesTest%3Dtrue%26liSync%3Dtrue
https://www.linkedin.com/px/li_sync?redirect=https%3A%2F%2Fpx.ads.linkedin.com%2Fcollect%3Fv%3D2%26fmt%3Djs%26pid%3D8312178%26time%3D1787902107897%26li_adsId%3Db6048ea0-8ce2-49d0-ac8f-9f214beee4fa%26url%3Dhttps%253A%252F%252Frahulshettyacademy.com%252FloginpagePractise%252F%26cookiesTest%3Dtrue%26liSync%3Dtrue [33m302[39m
https://px.ads.linkedin.com/collect?v=2&fmt=js&pid=8312178&time=1787902107897&li_adsId=b6048ea0-8ce2-49d0-ac8f-9f214beee4fa&url=https%3A%2F%2Frahulshettyacademy.com%2FloginpagePractise%2F&cookiesTest=true&liSync=true
https://analytics.google.com/g/collect?v=2&tid=G-NVJT9K1HZ2&gtm=45je68r0h2v9237735153za20gzb9237596770zd9237596770&_p=1787902103058&gcd=13l3l3l3l1l1&npa=0&dma=0&ecid=485466512&_eu=AEAAAGQC&ae=a&are=1&cid=2075914679.1787902106&frm=0&pscdl=noapi&rcb=10&sr=1280x720&uaa=x86&uab=64&uafvl=Not%253DA%253FBrand%3B99.0.0.0%7CGoogle%2520Chrome%3B151.0.7922.175%7CChromium%3B151.0.7922.175&uam=&uamb=0&uap=Windows&uapv=19.0.0&uaw=0&ul=en-us&gaf=2&_s=2&tag_exp=115616985~115938466~115938469~118897920~118897930~119367802~119367810~120385423&dp=%2FloginpagePractise%2F&sid=1787902105&sct=1&seg=0&dl=https%3A%2F%2Frahulshettyacademy.com%2FloginpagePractise%2F&dt=LoginPage%20Practise%20%7C%20Rahul%20Shetty%20Academy&en=scroll&ep.page_url=https%3A%2F%2Frahulshettyacademy.com%2FloginpagePractise%2F&epn.percent_scrolled=90&_et=148&tfd=9697
https://px.ads.linkedin.com/collect?v=2&fmt=js&pid=8312178&time=1787902107897&li_adsId=b6048ea0-8ce2-49d0-ac8f-9f214beee4fa&url=https%3A%2F%2Frahulshettyacademy.com%2FloginpagePractise%2F&cookiesTest=true&liSync=true [33m302[39m
https://px4.ads.linkedin.com/collect?v=2&fmt=js&pid=8312178&time=1787902107897&li_adsId=b6048ea0-8ce2-49d0-ac8f-9f214beee4fa&url=https%3A%2F%2Frahulshettyacademy.com%2FloginpagePractise%2F&cookiesTest=true&liSync=true&e_ipv6=AQJUSzr07PHy_AAAAaBHRN4YoXb9x-sbYCwkj88TFUXUwRA_LP43eK9qKE6Oz_l3PEEZMfDW-uX7BKH6Yq7_n9YJqHce7Co
https://analytics.google.com/g/collect?v=2&tid=G-NVJT9K1HZ2&gtm=45je68r0h2v9237735153za20gzb9237596770zd9237596770&_p=1787902103058&gcd=13l3l3l3l1l1&npa=0&dma=0&ecid=485466512&_eu=AEAAAGQC&ae=a&are=1&cid=2075914679.1787902106&frm=0&pscdl=noapi&rcb=10&sr=1280x720&uaa=x86&uab=64&uafvl=Not%253DA%253FBrand%3B99.0.0.0%7CGoogle%2520Chrome%3B151.0.7922.175%7CChromium%3B151.0.7922.175&uam=&uamb=0&uap=Windows&uapv=19.0.0&uaw=0&ul=en-us&gaf=2&_s=2&tag_exp=115616985~115938466~115938469~118897920~118897930~119367802~119367810~120385423&dp=%2FloginpagePractise%2F&sid=1787902105&sct=1&seg=0&dl=https%3A%2F%2Frahulshettyacademy.com%2FloginpagePractise%2F&dt=LoginPage%20Practise%20%7C%20Rahul%20Shetty%20Academy&en=scroll&ep.page_url=https%3A%2F%2Frahulshettyacademy.com%2FloginpagePractise%2F&epn.percent_scrolled=90&_et=148&tfd=9697 [33m204[39m
https://px4.ads.linkedin.com/collect?v=2&fmt=js&pid=8312178&time=1787902107897&li_adsId=b6048ea0-8ce2-49d0-ac8f-9f214beee4fa&url=https%3A%2F%2Frahulshettyacademy.com%2FloginpagePractise%2F&cookiesTest=true&liSync=true&e_ipv6=AQJUSzr07PHy_AAAAaBHRN4YoXb9x-sbYCwkj88TFUXUwRA_LP43eK9qKE6Oz_l3PEEZMfDW-uX7BKH6Yq7_n9YJqHce7Co [33m200[39m
https://px.ads.linkedin.com/wa/?medium=fetch&fmt=g
https://px.ads.linkedin.com/wa/?medium=fetch&fmt=g [33m204[39m
https://www.google.com/pagead/form-data/16651005713?gtm=45be68r0h2v9237732300za20gzb9237596770zd9237596770xec&gcd=13l3l3l3l1l1&dma=0&tag_exp=115938466~115938469~117776795~118012008~118131809~118897920~118897930~119367802~119367810~120213116~120385422&rcb=13&npa=0&frm=0&pscdl=noapi&ae=a&auid=780250157.1787902104&uaa=x86&uab=64&uafvl=Not%253DA%253FBrand%3B99.0.0.0%7CGoogle%2520Chrome%3B151.0.7922.175%7CChromium%3B151.0.7922.175&uamb=0&uam=&uap=Windows&uapv=19.0.0&uaw=0&gap.fsrc=1&fmt=8
https://www.google.com/ccm/form-data/16651005713?gtm=45be68r0h2v9237732300za20gzb9237596770zd9237596770xec&gcd=13l3l3l3l1l1&dma=0&tag_exp=115938466~115938469~117776795~118012008~118131809~118897920~118897930~119367802~119367810~120213116~120385422&rcb=13&npa=0&frm=0&ae=a&pscdl=noapi&auid=780250157.1787902104&uaa=x86&uab=64&uafvl=Not%253DA%253FBrand%3B99.0.0.0%7CGoogle%2520Chrome%3B151.0.7922.175%7CChromium%3B151.0.7922.175&uamb=0&uam=&uap=Windows&uapv=19.0.0&uaw=0&ec_mode=a&gap.fsrc=1&em=tv.1&emd=tvd.1&fmt=8
https://googleads.g.doubleclick.net/pagead/viewthroughconversion/16651005713/?random=1787902114198&cv=11&fst=1787902114198&bg=ffffff&guid=ON&async=1&en=form_start&gtm=45be68r0h2v9237732300za20gzb9237596770zd9237596770xec&gcd=13l3l3l3l1l1&dma=0&tag_exp=115938466~115938469~117776795~118012008~118131809~118897920~118897930~119367802~119367810~120213116~120385422&u_w=1280&u_h=720&url=https%3A%2F%2Frahulshettyacademy.com%2FloginpagePractise%2F&rcb=13&frm=0&tiba=LoginPage%20Practise%20%7C%20Rahul%20Shetty%20Academy&ae=a&hn=www.googleadservices.com&npa=0&pscdl=noapi&auid=780250157.1787902104&uaa=x86&uab=64&uafvl=Not%253DA%253FBrand%3B99.0.0.0%7CGoogle%2520Chrome%3B151.0.7922.175%7CChromium%3B151.0.7922.175&uamb=0&uam=&uap=Windows&uapv=19.0.0&uaw=0&data=event%3Dform_start&gap.fsrc=1&ept=9&rfmt=3&fmt=4
https://www.google.com/rmkt/collect/16651005713/?random=1787902114198&cv=11&fst=1787902114198&fmt=8&bg=ffffff&guid=ON&async=1&en=form_start&gtm=45be68r0h2v9237732300za20gzb9237596770zd9237596770xec&gcd=13l3l3l3l1l1&dma=0&tag_exp=115938466~115938469~117776795~118012008~118131809~118897920~118897930~119367802~119367810~120213116~120385422&u_w=1280&u_h=720&url=https%3A%2F%2Frahulshettyacademy.com%2FloginpagePractise%2F&rcb=13&frm=0&tiba=LoginPage%20Practise%20%7C%20Rahul%20Shetty%20Academy&ae=a&hn=www.googleadservices.com&npa=0&pscdl=noapi&auid=780250157.1787902104&uaa=x86&uab=64&uafvl=Not%253DA%253FBrand%3B99.0.0.0%7CGoogle%2520Chrome%3B151.0.7922.175%7CChromium%3B151.0.7922.175&uamb=0&uam=&uap=Windows&uapv=19.0.0&uaw=0&data=event%3Dform_start&gap.fsrc=1&ept=68&gcp=5
https://www.google.com/pagead/form-data/16651005713?gtm=45be68r0h2v9237732300za20gzb9237596770zd9237596770xec&gcd=13l3l3l3l1l1&dma=0&tag_exp=115938466~115938469~117776795~118012008~118131809~118897920~118897930~119367802~119367810~120213116~120385422&rcb=13&npa=0&frm=0&pscdl=noapi&ae=a&auid=780250157.1787902104&uaa=x86&uab=64&uafvl=Not%253DA%253FBrand%3B99.0.0.0%7CGoogle%2520Chrome%3B151.0.7922.175%7CChromium%3B151.0.7922.175&uamb=0&uam=&uap=Windows&uapv=19.0.0&uaw=0&gap.fsrc=1&fmt=8 [33m200[39m
https://www.google.com/rmkt/collect/16651005713/?random=1787902114198&cv=11&fst=1787902114198&fmt=8&bg=ffffff&guid=ON&async=1&en=form_start&gtm=45be68r0h2v9237732300za20gzb9237596770zd9237596770xec&gcd=13l3l3l3l1l1&dma=0&tag_exp=115938466~115938469~117776795~118012008~118131809~118897920~118897930~119367802~119367810~120213116~120385422&u_w=1280&u_h=720&url=https%3A%2F%2Frahulshettyacademy.com%2FloginpagePractise%2F&rcb=13&frm=0&tiba=LoginPage%20Practise%20%7C%20Rahul%20Shetty%20Academy&ae=a&hn=www.googleadservices.com&npa=0&pscdl=noapi&auid=780250157.1787902104&uaa=x86&uab=64&uafvl=Not%253DA%253FBrand%3B99.0.0.0%7CGoogle%2520Chrome%3B151.0.7922.175%7CChromium%3B151.0.7922.175&uamb=0&uam=&uap=Windows&uapv=19.0.0&uaw=0&data=event%3Dform_start&gap.fsrc=1&ept=68&gcp=5 [33m200[39m
https://googleads.g.doubleclick.net/pagead/viewthroughconversion/16651005713/?random=1787902114198&cv=11&fst=1787902114198&bg=ffffff&guid=ON&async=1&en=form_start&gtm=45be68r0h2v9237732300za20gzb9237596770zd9237596770xec&gcd=13l3l3l3l1l1&dma=0&tag_exp=115938466~115938469~117776795~118012008~118131809~118897920~118897930~119367802~119367810~120213116~120385422&u_w=1280&u_h=720&url=https%3A%2F%2Frahulshettyacademy.com%2FloginpagePractise%2F&rcb=13&frm=0&tiba=LoginPage%20Practise%20%7C%20Rahul%20Shetty%20Academy&ae=a&hn=www.googleadservices.com&npa=0&pscdl=noapi&auid=780250157.1787902104&uaa=x86&uab=64&uafvl=Not%253DA%253FBrand%3B99.0.0.0%7CGoogle%2520Chrome%3B151.0.7922.175%7CChromium%3B151.0.7922.175&uamb=0&uam=&uap=Windows&uapv=19.0.0&uaw=0&data=event%3Dform_start&gap.fsrc=1&ept=9&rfmt=3&fmt=4 [33m200[39m
https://www.google.com/pagead/1p-user-list/16651005713/?random=1787902114198&cv=11&fst=1787900400000&bg=ffffff&guid=ON&async=1&en=form_start&gtm=45be68r0h2v9237732300za20gzb9237596770zd9237596770xec&gcd=13l3l3l3l1l1&dma=0&tag_exp=115938466~115938469~117776795~118012008~118131809~118897920~118897930~119367802~119367810~120213116~120385422&u_w=1280&u_h=720&url=https%3A%2F%2Frahulshettyacademy.com%2FloginpagePractise%2F&rcb=13&frm=0&tiba=LoginPage%20Practise%20%7C%20Rahul%20Shetty%20Academy&ae=a&hn=www.googleadservices.com&npa=0&pscdl=noapi&auid=780250157.1787902104&uaa=x86&uab=64&uafvl=Not%253DA%253FBrand%3B99.0.0.0%7CGoogle%2520Chrome%3B151.0.7922.175%7CChromium%3B151.0.7922.175&uamb=0&uam=&uap=Windows&uapv=19.0.0&uaw=0&data=event%3Dform_start&gap.fsrc=1&ept=9&rfmt=3&fmt=3&is_vtc=1&cid=CAQS-AEAQM4h3NidzEilha3rF4XUxMTtI8T8PY6QbhMlHb679RDLdUCf0w_hOmcDx3ou6K76319tqFFfWiB-QSZO9uk8C89pXjvupMGtH8HY78rW8LTuCiCuevXPPFNDG0NXkDIHXwT79WjSXtI-zS7KIF4Qqzqh20r-d_-1mN6hwP0E2TpNn6uJflAFAiKEN8blpPwg4EkG4CaMutUD-dJhgYnef92l7dkTmkm2OogiKrCPINHHbG2etQTaSWIWba1flX6smRmiaAd7E_e4wsjuRHDA5QqNJP2512upu6a07pfHfRw96bI-j1XwLKiQNCaeTbmP4LraUQXf3Q&random=3807637734&rmt_tld=0&ipr=y
https://www.google.co.in/pagead/1p-user-list/16651005713/?random=1787902114198&cv=11&fst=1787900400000&bg=ffffff&guid=ON&async=1&en=form_start&gtm=45be68r0h2v9237732300za20gzb9237596770zd9237596770xec&gcd=13l3l3l3l1l1&dma=0&tag_exp=115938466~115938469~117776795~118012008~118131809~118897920~118897930~119367802~119367810~120213116~120385422&u_w=1280&u_h=720&url=https%3A%2F%2Frahulshettyacademy.com%2FloginpagePractise%2F&rcb=13&frm=0&tiba=LoginPage%20Practise%20%7C%20Rahul%20Shetty%20Academy&ae=a&hn=www.googleadservices.com&npa=0&pscdl=noapi&auid=780250157.1787902104&uaa=x86&uab=64&uafvl=Not%253DA%253FBrand%3B99.0.0.0%7CGoogle%2520Chrome%3B151.0.7922.175%7CChromium%3B151.0.7922.175&uamb=0&uam=&uap=Windows&uapv=19.0.0&uaw=0&data=event%3Dform_start&gap.fsrc=1&ept=9&rfmt=3&fmt=3&is_vtc=1&cid=CAQS-AEAQM4h3NidzEilha3rF4XUxMTtI8T8PY6QbhMlHb679RDLdUCf0w_hOmcDx3ou6K76319tqFFfWiB-QSZO9uk8C89pXjvupMGtH8HY78rW8LTuCiCuevXPPFNDG0NXkDIHXwT79WjSXtI-zS7KIF4Qqzqh20r-d_-1mN6hwP0E2TpNn6uJflAFAiKEN8blpPwg4EkG4CaMutUD-dJhgYnef92l7dkTmkm2OogiKrCPINHHbG2etQTaSWIWba1flX6smRmiaAd7E_e4wsjuRHDA5QqNJP2512upu6a07pfHfRw96bI-j1XwLKiQNCaeTbmP4LraUQXf3Q&random=3807637734&rmt_tld=1&ipr=y
https://www.google.com/ccm/form-data/16651005713?gtm=45be68r0h2v9237732300za20gzb9237596770zd9237596770xec&gcd=13l3l3l3l1l1&dma=0&tag_exp=115938466~115938469~117776795~118012008~118131809~118897920~118897930~119367802~119367810~120213116~120385422&rcb=13&npa=0&frm=0&ae=a&pscdl=noapi&auid=780250157.1787902104&uaa=x86&uab=64&uafvl=Not%253DA%253FBrand%3B99.0.0.0%7CGoogle%2520Chrome%3B151.0.7922.175%7CChromium%3B151.0.7922.175&uamb=0&uam=&uap=Windows&uapv=19.0.0&uaw=0&ec_mode=a&gap.fsrc=1&em=tv.1&emd=tvd.1&fmt=8 [33m204[39m
https://www.google.com/pagead/1p-user-list/16651005713/?random=1787902114198&cv=11&fst=1787900400000&bg=ffffff&guid=ON&async=1&en=form_start&gtm=45be68r0h2v9237732300za20gzb9237596770zd9237596770xec&gcd=13l3l3l3l1l1&dma=0&tag_exp=115938466~115938469~117776795~118012008~118131809~118897920~118897930~119367802~119367810~120213116~120385422&u_w=1280&u_h=720&url=https%3A%2F%2Frahulshettyacademy.com%2FloginpagePractise%2F&rcb=13&frm=0&tiba=LoginPage%20Practise%20%7C%20Rahul%20Shetty%20Academy&ae=a&hn=www.googleadservices.com&npa=0&pscdl=noapi&auid=780250157.1787902104&uaa=x86&uab=64&uafvl=Not%253DA%253FBrand%3B99.0.0.0%7CGoogle%2520Chrome%3B151.0.7922.175%7CChromium%3B151.0.7922.175&uamb=0&uam=&uap=Windows&uapv=19.0.0&uaw=0&data=event%3Dform_start&gap.fsrc=1&ept=9&rfmt=3&fmt=3&is_vtc=1&cid=CAQS-AEAQM4h3NidzEilha3rF4XUxMTtI8T8PY6QbhMlHb679RDLdUCf0w_hOmcDx3ou6K76319tqFFfWiB-QSZO9uk8C89pXjvupMGtH8HY78rW8LTuCiCuevXPPFNDG0NXkDIHXwT79WjSXtI-zS7KIF4Qqzqh20r-d_-1mN6hwP0E2TpNn6uJflAFAiKEN8blpPwg4EkG4CaMutUD-dJhgYnef92l7dkTmkm2OogiKrCPINHHbG2etQTaSWIWba1flX6smRmiaAd7E_e4wsjuRHDA5QqNJP2512upu6a07pfHfRw96bI-j1XwLKiQNCaeTbmP4LraUQXf3Q&random=3807637734&rmt_tld=0&ipr=y [33m200[39m
https://www.google.co.in/pagead/1p-user-list/16651005713/?random=1787902114198&cv=11&fst=1787900400000&bg=ffffff&guid=ON&async=1&en=form_start&gtm=45be68r0h2v9237732300za20gzb9237596770zd9237596770xec&gcd=13l3l3l3l1l1&dma=0&tag_exp=115938466~115938469~117776795~118012008~118131809~118897920~118897930~119367802~119367810~120213116~120385422&u_w=1280&u_h=720&url=https%3A%2F%2Frahulshettyacademy.com%2FloginpagePractise%2F&rcb=13&frm=0&tiba=LoginPage%20Practise%20%7C%20Rahul%20Shetty%20Academy&ae=a&hn=www.googleadservices.com&npa=0&pscdl=noapi&auid=780250157.1787902104&uaa=x86&uab=64&uafvl=Not%253DA%253FBrand%3B99.0.0.0%7CGoogle%2520Chrome%3B151.0.7922.175%7CChromium%3B151.0.7922.175&uamb=0&uam=&uap=Windows&uapv=19.0.0&uaw=0&data=event%3Dform_start&gap.fsrc=1&ept=9&rfmt=3&fmt=3&is_vtc=1&cid=CAQS-AEAQM4h3NidzEilha3rF4XUxMTtI8T8PY6QbhMlHb679RDLdUCf0w_hOmcDx3ou6K76319tqFFfWiB-QSZO9uk8C89pXjvupMGtH8HY78rW8LTuCiCuevXPPFNDG0NXkDIHXwT79WjSXtI-zS7KIF4Qqzqh20r-d_-1mN6hwP0E2TpNn6uJflAFAiKEN8blpPwg4EkG4CaMutUD-dJhgYnef92l7dkTmkm2OogiKrCPINHHbG2etQTaSWIWba1flX6smRmiaAd7E_e4wsjuRHDA5QqNJP2512upu6a07pfHfRw96bI-j1XwLKiQNCaeTbmP4LraUQXf3Q&random=3807637734&rmt_tld=1&ipr=y [33m200[39m
https://www.google.com/pagead/form-data/16651005713?gtm=45be68r0h2v9237732300za20gzb9237596770zd9237596770xec&gcd=13l3l3l3l1l1&dma=0&tag_exp=115938466~115938469~117776795~118012008~118131809~118897920~118897930~119367802~119367810~120213116~120385422&rcb=13&npa=0&frm=0&pscdl=noapi&ae=a&auid=780250157.1787902104&uaa=x86&uab=64&uafvl=Not%253DA%253FBrand%3B99.0.0.0%7CGoogle%2520Chrome%3B151.0.7922.175%7CChromium%3B151.0.7922.175&uamb=0&uam=&uap=Windows&uapv=19.0.0&uaw=0&gap.fsrc=2&fmt=8
https://www.google.com/ccm/form-data/16651005713?gtm=45be68r0h2v9237732300za20gzb9237596770zd9237596770xec&gcd=13l3l3l3l1l1&dma=0&tag_exp=115938466~115938469~117776795~118012008~118131809~118897920~118897930~119367802~119367810~120213116~120385422&rcb=13&npa=0&frm=0&ae=a&pscdl=noapi&auid=780250157.1787902104&uaa=x86&uab=64&uafvl=Not%253DA%253FBrand%3B99.0.0.0%7CGoogle%2520Chrome%3B151.0.7922.175%7CChromium%3B151.0.7922.175&uamb=0&uam=&uap=Windows&uapv=19.0.0&uaw=0&ec_mode=a&gap.fsrc=2&em=tv.1&emd=tvd.1&fmt=8
https://googleads.g.doubleclick.net/pagead/viewthroughconversion/16651005713/?random=1787902115700&cv=11&fst=1787902115700&bg=ffffff&guid=ON&async=1&en=form_submit&gtm=45be68r0h2v9237732300za20gzb9237596770zd9237596770xec&gcd=13l3l3l3l1l1&dma=0&tag_exp=115938466~115938469~117776795~118012008~118131809~118897920~118897930~119367802~119367810~120213116~120385422&u_w=1280&u_h=720&url=https%3A%2F%2Frahulshettyacademy.com%2FloginpagePractise%2F&rcb=13&frm=0&tiba=LoginPage%20Practise%20%7C%20Rahul%20Shetty%20Academy&ae=a&hn=www.googleadservices.com&npa=0&pscdl=noapi&auid=780250157.1787902104&uaa=x86&uab=64&uafvl=Not%253DA%253FBrand%3B99.0.0.0%7CGoogle%2520Chrome%3B151.0.7922.175%7CChromium%3B151.0.7922.175&uamb=0&uam=&uap=Windows&uapv=19.0.0&uaw=0&data=event%3Dform_submit&gap.fsrc=2&ept=9&rfmt=3&fmt=4
https://www.google.com/rmkt/collect/16651005713/?random=1787902115700&cv=11&fst=1787902115700&fmt=8&bg=ffffff&guid=ON&async=1&en=form_submit&gtm=45be68r0h2v9237732300za20gzb9237596770zd9237596770xec&gcd=13l3l3l3l1l1&dma=0&tag_exp=115938466~115938469~117776795~118012008~118131809~118897920~118897930~119367802~119367810~120213116~120385422&u_w=1280&u_h=720&url=https%3A%2F%2Frahulshettyacademy.com%2FloginpagePractise%2F&rcb=13&frm=0&tiba=LoginPage%20Practise%20%7C%20Rahul%20Shetty%20Academy&ae=a&hn=www.googleadservices.com&npa=0&pscdl=noapi&auid=780250157.1787902104&uaa=x86&uab=64&uafvl=Not%253DA%253FBrand%3B99.0.0.0%7CGoogle%2520Chrome%3B151.0.7922.175%7CChromium%3B151.0.7922.175&uamb=0&uam=&uap=Windows&uapv=19.0.0&uaw=0&data=event%3Dform_submit&gap.fsrc=2&ept=68&gcp=5
https://px.ads.linkedin.com/wa/?medium=fetch&fmt=g
https://www.facebook.com/tr/
https://www.google.com/pagead/form-data/16651005713?gtm=45be68r0h2v9237732300za20gzb9237596770zd9237596770xec&gcd=13l3l3l3l1l1&dma=0&tag_exp=115938466~115938469~117776795~118012008~118131809~118897920~118897930~119367802~119367810~120213116~120385422&rcb=13&npa=0&frm=0&pscdl=noapi&ae=a&auid=780250157.1787902104&uaa=x86&uab=64&uafvl=Not%253DA%253FBrand%3B99.0.0.0%7CGoogle%2520Chrome%3B151.0.7922.175%7CChromium%3B151.0.7922.175&uamb=0&uam=&uap=Windows&uapv=19.0.0&uaw=0&gap.fsrc=2&fmt=8 [33m200[39m
https://www.google.com/ccm/form-data/16651005713?gtm=45be68r0h2v9237732300za20gzb9237596770zd9237596770xec&gcd=13l3l3l3l1l1&dma=0&tag_exp=115938466~115938469~117776795~118012008~118131809~118897920~118897930~119367802~119367810~120213116~120385422&rcb=13&npa=0&frm=0&ae=a&pscdl=noapi&auid=780250157.1787902104&uaa=x86&uab=64&uafvl=Not%253DA%253FBrand%3B99.0.0.0%7CGoogle%2520Chrome%3B151.0.7922.175%7CChromium%3B151.0.7922.175&uamb=0&uam=&uap=Windows&uapv=19.0.0&uaw=0&ec_mode=a&gap.fsrc=2&em=tv.1&emd=tvd.1&fmt=8 [33m204[39m
https://www.facebook.com/tr/ [33m200[39m
https://www.google.com/rmkt/collect/16651005713/?random=1787902115700&cv=11&fst=1787902115700&fmt=8&bg=ffffff&guid=ON&async=1&en=form_submit&gtm=45be68r0h2v9237732300za20gzb9237596770zd9237596770xec&gcd=13l3l3l3l1l1&dma=0&tag_exp=115938466~115938469~117776795~118012008~118131809~118897920~118897930~119367802~119367810~120213116~120385422&u_w=1280&u_h=720&url=https%3A%2F%2Frahulshettyacademy.com%2FloginpagePractise%2F&rcb=13&frm=0&tiba=LoginPage%20Practise%20%7C%20Rahul%20Shetty%20Academy&ae=a&hn=www.googleadservices.com&npa=0&pscdl=noapi&auid=780250157.1787902104&uaa=x86&uab=64&uafvl=Not%253DA%253FBrand%3B99.0.0.0%7CGoogle%2520Chrome%3B151.0.7922.175%7CChromium%3B151.0.7922.175&uamb=0&uam=&uap=Windows&uapv=19.0.0&uaw=0&data=event%3Dform_submit&gap.fsrc=2&ept=68&gcp=5 [33m200[39m
https://googleads.g.doubleclick.net/pagead/viewthroughconversion/16651005713/?random=1787902115700&cv=11&fst=1787902115700&bg=ffffff&guid=ON&async=1&en=form_submit&gtm=45be68r0h2v9237732300za20gzb9237596770zd9237596770xec&gcd=13l3l3l3l1l1&dma=0&tag_exp=115938466~115938469~117776795~118012008~118131809~118897920~118897930~119367802~119367810~120213116~120385422&u_w=1280&u_h=720&url=https%3A%2F%2Frahulshettyacademy.com%2FloginpagePractise%2F&rcb=13&frm=0&tiba=LoginPage%20Practise%20%7C%20Rahul%20Shetty%20Academy&ae=a&hn=www.googleadservices.com&npa=0&pscdl=noapi&auid=780250157.1787902104&uaa=x86&uab=64&uafvl=Not%253DA%253FBrand%3B99.0.0.0%7CGoogle%2520Chrome%3B151.0.7922.175%7CChromium%3B151.0.7922.175&uamb=0&uam=&uap=Windows&uapv=19.0.0&uaw=0&data=event%3Dform_submit&gap.fsrc=2&ept=9&rfmt=3&fmt=4 [33m200[39m
https://www.google.com/pagead/1p-user-list/16651005713/?random=1787902115700&cv=11&fst=1787900400000&bg=ffffff&guid=ON&async=1&en=form_submit&gtm=45be68r0h2v9237732300za20gzb9237596770zd9237596770xec&gcd=13l3l3l3l1l1&dma=0&tag_exp=115938466~115938469~117776795~118012008~118131809~118897920~118897930~119367802~119367810~120213116~120385422&u_w=1280&u_h=720&url=https%3A%2F%2Frahulshettyacademy.com%2FloginpagePractise%2F&rcb=13&frm=0&tiba=LoginPage%20Practise%20%7C%20Rahul%20Shetty%20Academy&ae=a&hn=www.googleadservices.com&npa=0&pscdl=noapi&auid=780250157.1787902104&uaa=x86&uab=64&uafvl=Not%253DA%253FBrand%3B99.0.0.0%7CGoogle%2520Chrome%3B151.0.7922.175%7CChromium%3B151.0.7922.175&uamb=0&uam=&uap=Windows&uapv=19.0.0&uaw=0&data=event%3Dform_submit&gap.fsrc=2&ept=9&rfmt=3&fmt=3&is_vtc=1&cid=CAQS-AEAQM4h3MMAvH2PMdCmClfL7T25cbHq06eU6Uh1qlpUgCcSvqSemoQaP0PTXRmxwXHtfEf70tjzHADjlEZe8XZgCBdG4QCNnBVT1VIn9t49nS61PKF-nW3Ou7rN5VGtTVpUzXCBCCB7c-ms_CQsRlt2ogNbSn9_oRK94YPFpLGSfO3K_mTUBdsuqIdxmO9E_qMcTFpFj-iVzgUMcrxsujT7c7L5AS01rPDnotJMqyhaRiMo_G1KlrH4qciQeGG-DEzrBsjD_RH1bLdGLu9qvb5WxSJEMdVSv_Irvw02cPydntnXP14c3EFn_kStjHPkLWTYUEP4qs07-g&random=1916948062&rmt_tld=0&ipr=y
https://www.google.co.in/pagead/1p-user-list/16651005713/?random=1787902115700&cv=11&fst=1787900400000&bg=ffffff&guid=ON&async=1&en=form_submit&gtm=45be68r0h2v9237732300za20gzb9237596770zd9237596770xec&gcd=13l3l3l3l1l1&dma=0&tag_exp=115938466~115938469~117776795~118012008~118131809~118897920~118897930~119367802~119367810~120213116~120385422&u_w=1280&u_h=720&url=https%3A%2F%2Frahulshettyacademy.com%2FloginpagePractise%2F&rcb=13&frm=0&tiba=LoginPage%20Practise%20%7C%20Rahul%20Shetty%20Academy&ae=a&hn=www.googleadservices.com&npa=0&pscdl=noapi&auid=780250157.1787902104&uaa=x86&uab=64&uafvl=Not%253DA%253FBrand%3B99.0.0.0%7CGoogle%2520Chrome%3B151.0.7922.175%7CChromium%3B151.0.7922.175&uamb=0&uam=&uap=Windows&uapv=19.0.0&uaw=0&data=event%3Dform_submit&gap.fsrc=2&ept=9&rfmt=3&fmt=3&is_vtc=1&cid=CAQS-AEAQM4h3MMAvH2PMdCmClfL7T25cbHq06eU6Uh1qlpUgCcSvqSemoQaP0PTXRmxwXHtfEf70tjzHADjlEZe8XZgCBdG4QCNnBVT1VIn9t49nS61PKF-nW3Ou7rN5VGtTVpUzXCBCCB7c-ms_CQsRlt2ogNbSn9_oRK94YPFpLGSfO3K_mTUBdsuqIdxmO9E_qMcTFpFj-iVzgUMcrxsujT7c7L5AS01rPDnotJMqyhaRiMo_G1KlrH4qciQeGG-DEzrBsjD_RH1bLdGLu9qvb5WxSJEMdVSv_Irvw02cPydntnXP14c3EFn_kStjHPkLWTYUEP4qs07-g&random=1916948062&rmt_tld=1&ipr=y
https://px.ads.linkedin.com/wa/?medium=fetch&fmt=g [33m204[39m
https://rahulshettyacademy.com/angularpractice/shop
https://www.google.com/pagead/1p-user-list/16651005713/?random=1787902115700&cv=11&fst=1787900400000&bg=ffffff&guid=ON&async=1&en=form_submit&gtm=45be68r0h2v9237732300za20gzb9237596770zd9237596770xec&gcd=13l3l3l3l1l1&dma=0&tag_exp=115938466~115938469~117776795~118012008~118131809~118897920~118897930~119367802~119367810~120213116~120385422&u_w=1280&u_h=720&url=https%3A%2F%2Frahulshettyacademy.com%2FloginpagePractise%2F&rcb=13&frm=0&tiba=LoginPage%20Practise%20%7C%20Rahul%20Shetty%20Academy&ae=a&hn=www.googleadservices.com&npa=0&pscdl=noapi&auid=780250157.1787902104&uaa=x86&uab=64&uafvl=Not%253DA%253FBrand%3B99.0.0.0%7CGoogle%2520Chrome%3B151.0.7922.175%7CChromium%3B151.0.7922.175&uamb=0&uam=&uap=Windows&uapv=19.0.0&uaw=0&data=event%3Dform_submit&gap.fsrc=2&ept=9&rfmt=3&fmt=3&is_vtc=1&cid=CAQS-AEAQM4h3MMAvH2PMdCmClfL7T25cbHq06eU6Uh1qlpUgCcSvqSemoQaP0PTXRmxwXHtfEf70tjzHADjlEZe8XZgCBdG4QCNnBVT1VIn9t49nS61PKF-nW3Ou7rN5VGtTVpUzXCBCCB7c-ms_CQsRlt2ogNbSn9_oRK94YPFpLGSfO3K_mTUBdsuqIdxmO9E_qMcTFpFj-iVzgUMcrxsujT7c7L5AS01rPDnotJMqyhaRiMo_G1KlrH4qciQeGG-DEzrBsjD_RH1bLdGLu9qvb5WxSJEMdVSv_Irvw02cPydntnXP14c3EFn_kStjHPkLWTYUEP4qs07-g&random=1916948062&rmt_tld=0&ipr=y [33m200[39m
https://www.google.co.in/pagead/1p-user-list/16651005713/?random=1787902115700&cv=11&fst=1787900400000&bg=ffffff&guid=ON&async=1&en=form_submit&gtm=45be68r0h2v9237732300za20gzb9237596770zd9237596770xec&gcd=13l3l3l3l1l1&dma=0&tag_exp=115938466~115938469~117776795~118012008~118131809~118897920~118897930~119367802~119367810~120213116~120385422&u_w=1280&u_h=720&url=https%3A%2F%2Frahulshettyacademy.com%2FloginpagePractise%2F&rcb=13&frm=0&tiba=LoginPage%20Practise%20%7C%20Rahul%20Shetty%20Academy&ae=a&hn=www.googleadservices.com&npa=0&pscdl=noapi&auid=780250157.1787902104&uaa=x86&uab=64&uafvl=Not%253DA%253FBrand%3B99.0.0.0%7CGoogle%2520Chrome%3B151.0.7922.175%7CChromium%3B151.0.7922.175&uamb=0&uam=&uap=Windows&uapv=19.0.0&uaw=0&data=event%3Dform_submit&gap.fsrc=2&ept=9&rfmt=3&fmt=3&is_vtc=1&cid=CAQS-AEAQM4h3MMAvH2PMdCmClfL7T25cbHq06eU6Uh1qlpUgCcSvqSemoQaP0PTXRmxwXHtfEf70tjzHADjlEZe8XZgCBdG4QCNnBVT1VIn9t49nS61PKF-nW3Ou7rN5VGtTVpUzXCBCCB7c-ms_CQsRlt2ogNbSn9_oRK94YPFpLGSfO3K_mTUBdsuqIdxmO9E_qMcTFpFj-iVzgUMcrxsujT7c7L5AS01rPDnotJMqyhaRiMo_G1KlrH4qciQeGG-DEzrBsjD_RH1bLdGLu9qvb5WxSJEMdVSv_Irvw02cPydntnXP14c3EFn_kStjHPkLWTYUEP4qs07-g&random=1916948062&rmt_tld=1&ipr=y [33m200[39m
https://rahulshettyacademy.com/angularpractice/shop [33m200[39m
https://rahulshettyacademy.com/angularpractice/styles.3476315b83ee14da2595.bundle.css
https://rahulshettyacademy.com/angularpractice/inline.318b50c57b4eba3d437b.bundle.js
https://rahulshettyacademy.com/angularpractice/polyfills.b6b2cd0d4c472ac3ac12.bundle.js
https://rahulshettyacademy.com/angularpractice/scripts.6cc4e781f0791d60b349.bundle.js
https://rahulshettyacademy.com/angularpractice/main.f104fca0d24a938832a3.bundle.js
https://rahulshettyacademy.com/angularpractice/inline.318b50c57b4eba3d437b.bundle.js [33m200[39m
https://rahulshettyacademy.com/angularpractice/polyfills.b6b2cd0d4c472ac3ac12.bundle.js [33m200[39m
https://rahulshettyacademy.com/angularpractice/scripts.6cc4e781f0791d60b349.bundle.js [33m200[39m
https://rahulshettyacademy.com/angularpractice/main.f104fca0d24a938832a3.bundle.js [33m200[39m
https://placehold.co/900x350
https://rahulshettyacademy.com/angularpractice/assets/img/iphonex.jpg
https://rahulshettyacademy.com/angularpractice/assets/img/samsung.jpg
https://rahulshettyacademy.com/angularpractice/assets/img/nokia.jpg
https://rahulshettyacademy.com/angularpractice/assets/img/blackberry.jpg
https://rahulshettyacademy.com/angularpractice/Material-Design-Iconic-Font.a4d31128b633bc0b1cc1.woff2?v=2.2.0
https://rahulshettyacademy.com/angularpractice/Material-Design-Iconic-Font.a4d31128b633bc0b1cc1.woff2?v=2.2.0 [33m200[39m
https://placehold.co/900x350 [33m200[39m

[[ATTACHMENT|test-results\BlockResponse-Browser-Context-Playwright-test-chrome\test-failed-1.png]]

[[ATTACHMENT|test-results\BlockResponse-Browser-Context-Playwright-test-chrome\error-context.md]]

[[ATTACHMENT|test-results\BlockResponse-Browser-Context-Playwright-test-chrome\trace.zip]]
]]>
</system-out>
<error message="Test timeout of 30000ms exceeded." type="Error">
<![CDATA[  [chrome] › BlockResponse.spec.js:3:1 › Browser Context Playwright test ───────────────────────────

    Test timeout of 30000ms exceeded.

    Error: locator.textContent: Test ended.
    Call log:
      - waiting for locator('[style*=\'block\']')


      26 |     // await page.waitForTimeout(2000);
      27 |     //Get text of error message and print
    > 28 |     console.log(await page.locator("[style*='block']").textContent());
         |                                                        ^
      29 |     //Checks if error message is present
      30 |     await expect(page.locator("[style*='block']")).toContainText('Incorrect ');
      31 |     await userName.fill("");
        at D:\Siddanth\PlayWrightAutomation\tests\BlockResponse.spec.js:28:56

    attachment #1: screenshot (image/png) ──────────────────────────────────────────────────────────
    ..\test-results\BlockResponse-Browser-Context-Playwright-test-chrome\test-failed-1.png
    ────────────────────────────────────────────────────────────────────────────────────────────────

    Error Context: ..\test-results\BlockResponse-Browser-Context-Playwright-test-chrome\error-context.md

    attachment #3: trace (application/zip) ─────────────────────────────────────────────────────────
    ..\test-results\BlockResponse-Browser-Context-Playwright-test-chrome\trace.zip
    Usage:

        npx playwright show-trace ..\test-results\BlockResponse-Browser-Context-Playwright-test-chrome\trace.zip

    ────────────────────────────────────────────────────────────────────────────────────────────────
]]>
</error>
</testcase>
</testsuite>
<testsuite name="calendar.spec.js" timestamp="2026-08-28T07:28:18.169Z" hostname="chrome" tests="1" failures="0" skipped="0" time="28.052" errors="0">
<testcase name="Calendar validations" classname="calendar.spec.js" time="28.052">
<system-out>
<![CDATA[6/15/2027

[[ATTACHMENT|test-results\calendar-Calendar-validations-chrome\test-finished-1.png]]

[[ATTACHMENT|test-results\calendar-Calendar-validations-chrome\trace.zip]]
]]>
</system-out>
</testcase>
</testsuite>
<testsuite name="childWindows.spec.js" timestamp="2026-08-28T07:28:18.169Z" hostname="chrome" tests="1" failures="0" skipped="0" time="40.568" errors="1">
<testcase name="Child Windows Handling" classname="childWindows.spec.js" time="40.568">
<system-out>
<![CDATA[Please email us at mentor@rahulshettyacademy.com with below template to receive response 
rahulshettyacademy.com
rahulshettyacademy.com

[[ATTACHMENT|test-results\childWindows-Child-Windows-Handling-chrome\test-failed-1.png]]

[[ATTACHMENT|test-results\childWindows-Child-Windows-Handling-chrome\error-context.md]]

[[ATTACHMENT|test-results\childWindows-Child-Windows-Handling-chrome\trace.zip]]
]]>
</system-out>
<error message="Test timeout of 30000ms exceeded." type="Error">
<![CDATA[  [chrome] › childWindows.spec.js:3:1 › Child Windows Handling ─────────────────────────────────────

    Test timeout of 30000ms exceeded.

    attachment #1: screenshot (image/png) ──────────────────────────────────────────────────────────
    ..\test-results\childWindows-Child-Windows-Handling-chrome\test-failed-1.png
    ────────────────────────────────────────────────────────────────────────────────────────────────

    Error Context: ..\test-results\childWindows-Child-Windows-Handling-chrome\error-context.md

    attachment #3: trace (application/zip) ─────────────────────────────────────────────────────────
    ..\test-results\childWindows-Child-Windows-Handling-chrome\trace.zip
    Usage:

        npx playwright show-trace ..\test-results\childWindows-Child-Windows-Handling-chrome\trace.zip

    ────────────────────────────────────────────────────────────────────────────────────────────────
]]>
</error>
</testcase>
</testsuite>
<testsuite name="ClientApp.spec.js" timestamp="2026-08-28T07:28:18.169Z" hostname="chrome" tests="1" failures="0" skipped="1" time="0" errors="0">
<testcase name="Browser Context Playwright test" classname="ClientApp.spec.js">
<properties>
<property name="skip" value="">
</property>
</properties>
<skipped>
</skipped>
</testcase>
</testsuite>
<testsuite name="ClientAppE2E.spec.js" timestamp="2026-08-28T07:28:18.169Z" hostname="chrome" tests="1" failures="0" skipped="1" time="140.341" errors="0">
<testcase name="@Client Application End to End" classname="ClientAppE2E.spec.js">
<skipped>
</skipped>
</testcase>
</testsuite>
<testsuite name="ClientAppE2ETutorCode.spec.js" timestamp="2026-08-28T07:28:18.169Z" hostname="chrome" tests="1" failures="0" skipped="1" time="94.504" errors="0">
<testcase name="@Client Application End to End Tutor Code" classname="ClientAppE2ETutorCode.spec.js">
<skipped>
</skipped>
</testcase>
</testsuite>
<testsuite name="ClientAppPO.spec.js" timestamp="2026-08-28T07:28:18.169Z" hostname="chrome" tests="1" failures="0" skipped="0" time="18.912" errors="0">
<testcase name="@Web Client App login" classname="ClientAppPO.spec.js" time="18.912">
<system-out>
<![CDATA[[
  [32m'ADIDAS ORIGINAL'[39m,
  [32m'ZARA COAT 3'[39m,
  [32m'iphone 13 pro'[39m,
  [32m'qwerty'[39m,
  [32m'car'[39m,
  [32m'iPhone QA Max'[39m,
  [32m'{{productName}}'[39m,
  [32m'Laptop'[39m,
  [32m'Laptop'[39m
]
Total items found in cart: 3
Generated Order ID:  | 6a9138cb21054ba465f9694b | 

[[ATTACHMENT|test-results\ClientAppPO--Web-Client-App-login-chrome\test-finished-1.png]]

[[ATTACHMENT|test-results\ClientAppPO--Web-Client-App-login-chrome\trace.zip]]
]]>
</system-out>
</testcase>
</testsuite>
<testsuite name="ClientAppPOCustomTest.spec.js" timestamp="2026-08-28T07:28:18.169Z" hostname="chrome" tests="1" failures="1" skipped="0" time="29.603" errors="0">
<testcase name="Client App login" classname="ClientAppPOCustomTest.spec.js" time="29.603">
<system-out>
<![CDATA[[
  [32m'ADIDAS ORIGINAL'[39m,
  [32m'ZARA COAT 3'[39m,
  [32m'iphone 13 pro'[39m,
  [32m'qwerty'[39m,
  [32m'car'[39m,
  [32m'iPhone QA Max'[39m,
  [32m'{{productName}}'[39m,
  [32m'Laptop'[39m,
  [32m'Laptop'[39m
]
Total items found in cart: 3
 | 6a9138e021054ba465f969d5 | 

[[ATTACHMENT|test-results\ClientAppPOCustomTest-Client-App-login-chrome\test-failed-1.png]]

[[ATTACHMENT|test-results\ClientAppPOCustomTest-Client-App-login-chrome\error-context.md]]

[[ATTACHMENT|test-results\ClientAppPOCustomTest-Client-App-login-chrome\trace.zip]]
]]>
</system-out>
<failure message="expect(received).toBeTruthy()" type="expect.toBeTruthy">
<![CDATA[  [chrome] › ClientAppPOCustomTest.spec.js:5:1 › Client App login ──────────────────────────────────

    Error: expect(received).toBeTruthy()

    Received: false

      28 |    const ordersHistoryPage = poManager.getOrdersHistoryPage();
      29 |    await ordersHistoryPage.searchOrderAndSelect(orderId);
    > 30 |    expect(orderId.includes(await ordersHistoryPage.getOrderId())).toBeTruthy();
         |                                                                   ^
      31 | });
      32 |
        at D:\Siddanth\PlayWrightAutomation\tests\ClientAppPOCustomTest.spec.js:30:67

    attachment #1: screenshot (image/png) ──────────────────────────────────────────────────────────
    ..\test-results\ClientAppPOCustomTest-Client-App-login-chrome\test-failed-1.png
    ────────────────────────────────────────────────────────────────────────────────────────────────

    Error Context: ..\test-results\ClientAppPOCustomTest-Client-App-login-chrome\error-context.md

    attachment #3: trace (application/zip) ─────────────────────────────────────────────────────────
    ..\test-results\ClientAppPOCustomTest-Client-App-login-chrome\trace.zip
    Usage:

        npx playwright show-trace ..\test-results\ClientAppPOCustomTest-Client-App-login-chrome\trace.zip

    ────────────────────────────────────────────────────────────────────────────────────────────────
]]>
</failure>
</testcase>
</testsuite>
<testsuite name="ClientAppPOManager.spec.js" timestamp="2026-08-28T07:28:18.169Z" hostname="chrome" tests="2" failures="0" skipped="2" time="14.337" errors="0">
<testcase name="Client App login ZARA COAT 3" classname="ClientAppPOManager.spec.js">
<skipped>
</skipped>
</testcase>
<testcase name="Client App login ADIDAS ORIGINAL" classname="ClientAppPOManager.spec.js">
<skipped>
</skipped>
</testcase>
</testsuite>
<testsuite name="ClientAppTutorCode.spec.js" timestamp="2026-08-28T07:28:18.169Z" hostname="chrome" tests="1" failures="0" skipped="1" time="0" errors="0">
<testcase name="@Web Client App login" classname="ClientAppTutorCode.spec.js">
<skipped>
</skipped>
</testcase>
</testsuite>
<testsuite name="codegen.spec.js" timestamp="2026-08-28T07:28:18.169Z" hostname="chrome" tests="1" failures="0" skipped="1" time="0" errors="0">
<testcase name="test" classname="codegen.spec.js">
<skipped>
</skipped>
</testcase>
</testsuite>
<testsuite name="hrmstest.spec.js" timestamp="2026-08-28T07:28:18.169Z" hostname="chrome" tests="1" failures="0" skipped="1" time="0" errors="0">
<testcase name="HRMS Dashboard Navigation and Birthday Profile Check (Full SSO Flow)" classname="hrmstest.spec.js">
<skipped>
</skipped>
</testcase>
</testsuite>
<testsuite name="locators.spec.js" timestamp="2026-08-28T07:28:18.169Z" hostname="chrome" tests="1" failures="0" skipped="1" time="0" errors="0">
<testcase name="test" classname="locators.spec.js">
<skipped>
</skipped>
</testcase>
</testsuite>
<testsuite name="LoginWithGetByLocators.spec.js" timestamp="2026-08-28T07:28:18.169Z" hostname="chrome" tests="1" failures="0" skipped="1" time="0" errors="0">
<testcase name="Client Application Using Get By Locators" classname="LoginWithGetByLocators.spec.js">
<skipped>
</skipped>
</testcase>
</testsuite>
<testsuite name="MockAssignment.spec.js" timestamp="2026-08-28T07:28:18.169Z" hostname="chrome" tests="2" failures="0" skipped="2" time="0" errors="0">
<testcase name="Test 1 - Banner is Visible with 6 events" classname="MockAssignment.spec.js">
<skipped>
</skipped>
</testcase>
<testcase name="Test 2 - Banner is Not Visible with 4 events" classname="MockAssignment.spec.js">
<skipped>
</skipped>
</testcase>
</testsuite>
<testsuite name="MockAssignmentDenied.spec.js" timestamp="2026-08-28T07:28:18.169Z" hostname="chrome" tests="1" failures="0" skipped="1" time="0" errors="0">
<testcase name="Execute UI Authentication Guardrail Workflow" classname="MockAssignmentDenied.spec.js">
<skipped>
</skipped>
</testcase>
</testsuite>
<testsuite name="MockAssignmentDeniedRoute.spec.js" timestamp="2026-08-28T07:28:18.169Z" hostname="chrome" tests="1" failures="0" skipped="1" time="0" errors="0">
<testcase name="Execute UI Authentication Guardrail Workflow via page.route" classname="MockAssignmentDeniedRoute.spec.js">
<skipped>
</skipped>
</testcase>
</testsuite>
<testsuite name="MoreValidations.spec.js" timestamp="2026-08-28T07:28:18.169Z" hostname="chrome" tests="3" failures="0" skipped="3" time="0" errors="0">
<testcase name="@Web Popup validations" classname="MoreValidations.spec.js">
<skipped>
</skipped>
</testcase>
<testcase name="Screenshot" classname="MoreValidations.spec.js">
<skipped>
</skipped>
</testcase>
<testcase name="Visual Comparisons" classname="MoreValidations.spec.js">
<skipped>
</skipped>
</testcase>
</testsuite>
<testsuite name="Network.spec.js" timestamp="2026-08-28T07:28:18.169Z" hostname="chrome" tests="1" failures="0" skipped="1" time="0" errors="0">
<testcase name="API Place the order" classname="Network.spec.js">
<skipped>
</skipped>
</testcase>
</testsuite>
<testsuite name="NetWorkMockTest.spec.js" timestamp="2026-08-28T07:28:18.169Z" hostname="chrome" tests="1" failures="0" skipped="1" time="0" errors="0">
<testcase name="Security test request intercept" classname="NetWorkMockTest.spec.js">
<skipped>
</skipped>
</testcase>
</testsuite>
<testsuite name="ScreenshotVisualComp.spec.js" timestamp="2026-08-28T07:28:18.169Z" hostname="chrome" tests="2" failures="0" skipped="2" time="0" errors="0">
<testcase name="Screenshot" classname="ScreenshotVisualComp.spec.js">
<skipped>
</skipped>
</testcase>
<testcase name="Visual Comparisons" classname="ScreenshotVisualComp.spec.js">
<skipped>
</skipped>
</testcase>
</testsuite>
<testsuite name="selectoptions.spec.js" timestamp="2026-08-28T07:28:18.169Z" hostname="chrome" tests="1" failures="0" skipped="1" time="0" errors="0">
<testcase name="UI Controls" classname="selectoptions.spec.js">
<skipped>
</skipped>
</testcase>
</testsuite>
<testsuite name="UIBasicstest.spec.js" timestamp="2026-08-28T07:28:18.169Z" hostname="chrome" tests="2" failures="0" skipped="2" time="0" errors="0">
<testcase name="@Web Browser Context Playwright test" classname="UIBasicstest.spec.js">
<skipped>
</skipped>
</testcase>
<testcase name="Page Playwright test" classname="UIBasicstest.spec.js">
<skipped>
</skipped>
</testcase>
</testsuite>
<testsuite name="uploadDownloadExcel.spec.js" timestamp="2026-08-28T07:28:18.169Z" hostname="chrome" tests="1" failures="0" skipped="1" time="0" errors="0">
<testcase name="Upload download excel validation" classname="uploadDownloadExcel.spec.js">
<skipped>
</skipped>
</testcase>
</testsuite>
<testsuite name="WebAPIPart1.spec.js" timestamp="2026-08-28T07:28:18.169Z" hostname="chrome" tests="1" failures="0" skipped="1" time="0" errors="0">
<testcase name="@API Place the order" classname="WebAPIPart1.spec.js">
<skipped>
</skipped>
</testcase>
</testsuite>
<testsuite name="WebAPIPart2.spec.js" timestamp="2026-08-28T07:28:18.169Z" hostname="chrome" tests="2" failures="0" skipped="2" time="0" errors="0">
<testcase name="@Client Application End to End" classname="WebAPIPart2.spec.js">
<skipped>
</skipped>
</testcase>
<testcase name="@API Test Case 2" classname="WebAPIPart2.spec.js">
<skipped>
</skipped>
</testcase>
</testsuite>
<testsuite name="WebAPIUtils.spec.js" timestamp="2026-08-28T07:28:18.169Z" hostname="chrome" tests="1" failures="0" skipped="1" time="0" errors="0">
<testcase name="API Place the order" classname="WebAPIUtils.spec.js">
<skipped>
</skipped>
</testcase>
</testsuite>
<testsuite name="WebElements.spec.js" timestamp="2026-08-28T07:28:18.169Z" hostname="chrome" tests="1" failures="0" skipped="1" time="0" errors="0">
<testcase name="Browser Context Playwright test" classname="WebElements.spec.js">
<skipped>
</skipped>
</testcase>
</testsuite>
</testsuites>